// Jest Snapshot v1, https://goo.gl/fbAQLP

exports[`PropertyItem renders correctly 1`] = `
<View
  accessibilityState={
    {
      "busy": undefined,
      "checked": undefined,
      "disabled": undefined,
      "expanded": undefined,
      "selected": undefined,
    }
  }
  accessibilityValue={
    {
      "max": undefined,
      "min": undefined,
      "now": undefined,
      "text": undefined,
    }
  }
  accessible={true}
  collapsable={false}
  focusable={false}
  onClick={[Function]}
  onResponderGrant={[Function]}
  onResponderMove={[Function]}
  onResponderRelease={[Function]}
  onResponderTerminate={[Function]}
  onResponderTerminationRequest={[Function]}
  onStartShouldSetResponder={[Function]}
  style={
    {
      "alignItems": "center",
      "backgroundColor": "rgb(245, 253, 255)",
      "borderColor": "#ccc",
      "borderRadius": 8,
      "borderWidth": 1,
      "flexDirection": "row",
      "margin": 5,
      "opacity": 1,
      "padding": 10,
    }
  }
>
  <View
    style={
      {
        "borderRadius": 8,
        "height": 100,
        "marginRight": 10,
        "overflow": "hidden",
        "position": "relative",
        "width": 100,
      }
    }
  >
    <Image
      resizeMode="cover"
      source={
        {
          "uri": "https://example.com/image1.jpg",
        }
      }
      style={
        {
          "height": "100%",
          "width": "100%",
        }
      }
    />
    <View
      style={
        {
          "alignItems": "center",
          "backgroundColor": "rgba(251, 237, 183, 1)",
          "borderRadius": 15,
          "bottom": 10,
          "flexDirection": "row",
          "left": "44%",
          "paddingHorizontal": 7,
          "paddingVertical": 5,
          "position": "absolute",
          "transform": [
            {
              "translateX": -15,
            },
          ],
        }
      }
    >
      <Image
        source={
          {
            "testUri": "../../../assets/icons/star.png",
          }
        }
        style={
          {
            "height": 15,
            "marginRight": 3,
            "tintColor": "rgba(238, 186, 0, 1)",
            "width": 15,
          }
        }
      />
      <Text
        style={
          {
            "fontWeight": "bold",
          }
        }
      >
        4
      </Text>
    </View>
  </View>
  <View
    style={
      {
        "flex": 1,
      }
    }
  >
    <Text
      style={
        {
          "fontSize": 18,
          "fontWeight": "bold",
          "marginBottom": 5,
        }
      }
    >
      Casa de Prueba
    </Text>
    <View
      style={
        {
          "alignItems": "center",
          "flexDirection": "row",
        }
      }
    >
      <Image
        source={
          {
            "testUri": "../../../assets/icons/LocationIcon.png",
          }
        }
        style={
          {
            "height": 15,
            "marginRight": 5,
            "width": 15,
          }
        }
      />
      <Text
        style={
          {
            "fontSize": 16,
          }
        }
      >
        Calle de Prueba #123
      </Text>
    </View>
    <View
      style={
        {
          "alignItems": "center",
          "flexDirection": "row",
          "marginVertical": 5,
        }
      }
    >
      <View
        style={
          {
            "alignItems": "center",
            "flexDirection": "row",
            "marginRight": 15,
            "marginVertical": 5,
          }
        }
      >
        <Image
          source={
            {
              "testUri": "../../../assets/icons/RoomIcon.png",
            }
          }
          style={
            {
              "height": 20,
              "width": 20,
            }
          }
        />
        <Text
          style={
            {
              "marginLeft": 5,
            }
          }
        >
           
          3
        </Text>
      </View>
      <View
        style={
          {
            "alignItems": "center",
            "flexDirection": "row",
            "marginRight": 15,
            "marginVertical": 5,
          }
        }
      >
        <Image
          source={
            {
              "testUri": "../../../assets/icons/BathIcon.png",
            }
          }
          style={
            {
              "height": 20,
              "width": 20,
            }
          }
        />
        <Text
          style={
            {
              "marginLeft": 5,
            }
          }
        >
           
          2
        </Text>
      </View>
      <View
        style={
          {
            "alignItems": "center",
            "flexDirection": "row",
            "marginRight": 15,
            "marginVertical": 5,
          }
        }
      >
        <Image
          source={
            {
              "testUri": "../../../assets/icons/AreaIcon.png",
            }
          }
          style={
            {
              "height": 20,
              "width": 20,
            }
          }
        />
        <Text
          style={
            {
              "marginLeft": 5,
            }
          }
        >
           
          200
           ftÂ²
        </Text>
      </View>
    </View>
    <Text>
      $1000
      /m
    </Text>
    <View
      style={
        {
          "bottom": 10,
          "position": "absolute",
          "right": 10,
        }
      }
    >
      <View
        accessibilityState={
          {
            "busy": undefined,
            "checked": undefined,
            "disabled": undefined,
            "expanded": undefined,
            "selected": undefined,
          }
        }
        accessibilityValue={
          {
            "max": undefined,
            "min": undefined,
            "now": undefined,
            "text": undefined,
          }
        }
        accessible={true}
        collapsable={false}
        focusable={true}
        onClick={[Function]}
        onResponderGrant={[Function]}
        onResponderMove={[Function]}
        onResponderRelease={[Function]}
        onResponderTerminate={[Function]}
        onResponderTerminationRequest={[Function]}
        onStartShouldSetResponder={[Function]}
        style={
          {
            "opacity": 1,
          }
        }
      >
        <Image
          source={
            {
              "testUri": "../../../assets/icons/like.png",
            }
          }
          style={
            {
              "height": 20,
              "tintColor": "green",
              "width": 20,
            }
          }
        />
      </View>
    </View>
  </View>
</View>
`;
